0 verbose cli /home/psk0610/.nvm/versions/node/v22.22.3/bin/node /home/psk0610/.nvm/versions/node/v22.22.3/bin/npm
1 info using npm@10.9.8
2 info using node@v22.22.3
3 silly config load:file:/home/psk0610/.nvm/versions/node/v22.22.3/lib/node_modules/npm/npmrc
4 silly config load:file:/home/psk0610/.npmrc
5 silly config load:file:/home/psk0610/.nvm/versions/node/v22.22.3/etc/npmrc
6 verbose title npm run deploy
7 verbose argv "run" "deploy"
8 verbose logfile logs-max:10 dir:/home/psk0610/.npm/_logs/2026-05-21T07_29_50_835Z-
9 verbose logfile /home/psk0610/.npm/_logs/2026-05-21T07_29_50_835Z-debug-0.log
10 silly logfile done cleaning log files
11 verbose stack Error: Missing script: "deploy"
11 verbose stack
11 verbose stack To see a list of scripts, run:
11 verbose stack   npm run
11 verbose stack     at #run (/home/psk0610/.nvm/versions/node/v22.22.3/lib/node_modules/npm/lib/commands/run-script.js:111:13)
11 verbose stack     at async RunScript.exec (/home/psk0610/.nvm/versions/node/v22.22.3/lib/node_modules/npm/lib/commands/run-script.js:40:7)
11 verbose stack     at async Npm.exec (/home/psk0610/.nvm/versions/node/v22.22.3/lib/node_modules/npm/lib/npm.js:207:9)
11 verbose stack     at async module.exports (/home/psk0610/.nvm/versions/node/v22.22.3/lib/node_modules/npm/lib/cli/entry.js:74:5)
12 error Missing script: "deploy"
12 error
12 error To see a list of scripts, run:
12 error   npm run
13 verbose cwd /home/psk0610
14 verbose os Linux 4.4.0-19041-Microsoft
15 verbose node v22.22.3
16 verbose npm  v10.9.8
17 verbose exit 1
18 verbose code 1
19 error A complete log of this run can be found in: /home/psk0610/.npm/_logs/2026-05-21T07_29_50_835Z-debug-0.log
